###############################################################################
#
# IAR ELF Linker V8.32.3.193/W32 for ARM                  03/Jun/2021  16:29:50
# Copyright 2007-2019 IAR Systems AB.
#
#    Output file  =  
#        C:\Users\User\Documents\Disc1_PWM_Servo
#        (2)\Disc1_PWM_Servo\EWARM\Disc1_PWM_Servo\Exe\Disc1_PWM_Servo.out
#    Map file     =  
#        C:\Users\User\Documents\Disc1_PWM_Servo
#        (2)\Disc1_PWM_Servo\EWARM\Disc1_PWM_Servo\List\Disc1_PWM_Servo.map
#    Command line =  
#        -f C:\Users\User\AppData\Local\Temp\EWD0CA.tmp
#        ("C:\Users\User\Documents\Disc1_PWM_Servo
#        (2)\Disc1_PWM_Servo\EWARM\Disc1_PWM_Servo\Obj\main.o"
#        "C:\Users\User\Documents\Disc1_PWM_Servo
#        (2)\Disc1_PWM_Servo\EWARM\Disc1_PWM_Servo\Obj\startup_stm32f429xx.o"
#        "C:\Users\User\Documents\Disc1_PWM_Servo
#        (2)\Disc1_PWM_Servo\EWARM\Disc1_PWM_Servo\Obj\stm32f4xx_hal.o"
#        "C:\Users\User\Documents\Disc1_PWM_Servo
#        (2)\Disc1_PWM_Servo\EWARM\Disc1_PWM_Servo\Obj\stm32f4xx_hal_adc.o"
#        "C:\Users\User\Documents\Disc1_PWM_Servo
#        (2)\Disc1_PWM_Servo\EWARM\Disc1_PWM_Servo\Obj\stm32f4xx_hal_adc_ex.o"
#        "C:\Users\User\Documents\Disc1_PWM_Servo
#        (2)\Disc1_PWM_Servo\EWARM\Disc1_PWM_Servo\Obj\stm32f4xx_hal_cortex.o"
#        "C:\Users\User\Documents\Disc1_PWM_Servo
#        (2)\Disc1_PWM_Servo\EWARM\Disc1_PWM_Servo\Obj\stm32f4xx_hal_dma.o"
#        "C:\Users\User\Documents\Disc1_PWM_Servo
#        (2)\Disc1_PWM_Servo\EWARM\Disc1_PWM_Servo\Obj\stm32f4xx_hal_dma_ex.o"
#        "C:\Users\User\Documents\Disc1_PWM_Servo
#        (2)\Disc1_PWM_Servo\EWARM\Disc1_PWM_Servo\Obj\stm32f4xx_hal_exti.o"
#        "C:\Users\User\Documents\Disc1_PWM_Servo
#        (2)\Disc1_PWM_Servo\EWARM\Disc1_PWM_Servo\Obj\stm32f4xx_hal_flash.o"
#        "C:\Users\User\Documents\Disc1_PWM_Servo
#        (2)\Disc1_PWM_Servo\EWARM\Disc1_PWM_Servo\Obj\stm32f4xx_hal_flash_ex.o"
#        "C:\Users\User\Documents\Disc1_PWM_Servo
#        (2)\Disc1_PWM_Servo\EWARM\Disc1_PWM_Servo\Obj\stm32f4xx_hal_flash_ramfunc.o"
#        "C:\Users\User\Documents\Disc1_PWM_Servo
#        (2)\Disc1_PWM_Servo\EWARM\Disc1_PWM_Servo\Obj\stm32f4xx_hal_gpio.o"
#        "C:\Users\User\Documents\Disc1_PWM_Servo
#        (2)\Disc1_PWM_Servo\EWARM\Disc1_PWM_Servo\Obj\stm32f4xx_hal_msp.o"
#        "C:\Users\User\Documents\Disc1_PWM_Servo
#        (2)\Disc1_PWM_Servo\EWARM\Disc1_PWM_Servo\Obj\stm32f4xx_hal_pwr.o"
#        "C:\Users\User\Documents\Disc1_PWM_Servo
#        (2)\Disc1_PWM_Servo\EWARM\Disc1_PWM_Servo\Obj\stm32f4xx_hal_pwr_ex.o"
#        "C:\Users\User\Documents\Disc1_PWM_Servo
#        (2)\Disc1_PWM_Servo\EWARM\Disc1_PWM_Servo\Obj\stm32f4xx_hal_rcc.o"
#        "C:\Users\User\Documents\Disc1_PWM_Servo
#        (2)\Disc1_PWM_Servo\EWARM\Disc1_PWM_Servo\Obj\stm32f4xx_hal_rcc_ex.o"
#        "C:\Users\User\Documents\Disc1_PWM_Servo
#        (2)\Disc1_PWM_Servo\EWARM\Disc1_PWM_Servo\Obj\stm32f4xx_hal_tim.o"
#        "C:\Users\User\Documents\Disc1_PWM_Servo
#        (2)\Disc1_PWM_Servo\EWARM\Disc1_PWM_Servo\Obj\stm32f4xx_hal_tim_ex.o"
#        "C:\Users\User\Documents\Disc1_PWM_Servo
#        (2)\Disc1_PWM_Servo\EWARM\Disc1_PWM_Servo\Obj\stm32f4xx_hal_uart.o"
#        "C:\Users\User\Documents\Disc1_PWM_Servo
#        (2)\Disc1_PWM_Servo\EWARM\Disc1_PWM_Servo\Obj\stm32f4xx_it.o"
#        "C:\Users\User\Documents\Disc1_PWM_Servo
#        (2)\Disc1_PWM_Servo\EWARM\Disc1_PWM_Servo\Obj\system_stm32f4xx.o"
#        --redirect _Printf=_PrintfFull --redirect _Scanf=_ScanfFull
#        --no_out_extension -o "C:\Users\User\Documents\Disc1_PWM_Servo
#        (2)\Disc1_PWM_Servo\EWARM\Disc1_PWM_Servo\Exe\Disc1_PWM_Servo.out"
#        --map "C:\Users\User\Documents\Disc1_PWM_Servo
#        (2)\Disc1_PWM_Servo\EWARM\Disc1_PWM_Servo\List\Disc1_PWM_Servo.map"
#        --config "C:\Users\User\Documents\Disc1_PWM_Servo
#        (2)\Disc1_PWM_Servo\EWARM/stm32f429xx_flash.icf" --semihosting --entry
#        __iar_program_start --vfe --text_out locale)
#
###############################################################################

*******************************************************************************
*** RUNTIME MODEL ATTRIBUTES
***

CppFlavor       = *
__SystemLibrary = DLib
__dlib_version  = 6


*******************************************************************************
*** HEAP SELECTION
***

The basic heap was selected because some modules are built with
size limitations (and not runtime checking), and --advanced_heap
was not specified.


*******************************************************************************
*** PLACEMENT SUMMARY
***

"A0":  place at 0x800'0000 { ro section .intvec };
"P1":  place in [from 0x800'0000 to 0x81f'ffff] { ro };
define block CSTACK with size = 1K, alignment = 8 { };
define block HEAP with size = 512, alignment = 8 { };
"P2":  place in [from 0x2000'0000 to 0x2002'ffff] {
          rw, block CSTACK, block HEAP };
initialize by copy { rw };

  Section            Kind         Address     Size  Object
  -------            ----         -------     ----  ------
"A0":                                        0x1ac
  .intvec            ro code   0x800'0000    0x1ac  startup_stm32f429xx.o [1]
                             - 0x800'01ac    0x1ac

"P1":                                       0x39ca
  .text              ro code   0x800'01ac    0xf1c  main.o [1]
  .text              ro code   0x800'10c8    0x17a  DblAdd.o [3]
  .text              ro code   0x800'1242     0x3a  zero_init3.o [4]
  .text              ro code   0x800'127c    0x246  DblDiv.o [3]
  .text              ro code   0x800'14c4     0xe2  DblSub.o [3]
  .text              ro code   0x800'15a8    0x102  sqrt.o [3]
  .text              ro code   0x800'16ac     0x16  math_wrappers64.o [3]
  .text              ro code   0x800'16c4    0x1a2  DblMul.o [3]
  .text              ro code   0x800'1868     0x18  strcpy.o [4]
  .text              ro code   0x800'1880     0x18  ABImemcpy_small.o [4]
  .text              ro code   0x800'1898    0x224  stm32f4xx_hal_gpio.o [1]
  .text              ro code   0x800'1abc     0x28  stm32f4xx_hal.o [1]
  .text              ro code   0x800'1ae4     0x14  strlen_small.o [4]
  .text              ro code   0x800'1af8     0x3a  DblToS32.o [3]
  .text              ro code   0x800'1b34     0x22  S32ToDbl.o [3]
  .text              ro code   0x800'1b58     0x34  stm32f4xx_hal.o [1]
  .text              ro code   0x800'1b8c      0x6  ABImemclr4.o [4]
  .text              ro code   0x800'1b94    0x6be  stm32f4xx_hal_tim.o [1]
  .text              ro code   0x800'2254     0x8c  stm32f4xx_hal_tim_ex.o [1]
  .text              ro code   0x800'22e0    0x274  stm32f4xx_hal_msp.o [1]
  .text              ro code   0x800'2554    0x3cc  stm32f4xx_hal_uart.o [1]
  .text              ro code   0x800'2920    0x3d8  stm32f4xx_hal_adc.o [1]
  .text              ro code   0x800'2cf8     0xc4  stm32f4xx_hal_cortex.o [1]
  .text              ro code   0x800'2dbc    0x324  stm32f4xx_hal_rcc.o [1]
  .text              ro code   0x800'30e0    0x1ac  stm32f4xx_hal_rcc.o [1]
  .text              ro code   0x800'328c     0x12  strcmp.o [4]
  .text              ro code   0x800'32a0    0x13c  atan2_64.o [3]
  .text              ro code   0x800'33dc      0xc  stm32f4xx_hal.o [1]
  .text              ro code   0x800'33e8     0x40  stm32f4xx_hal.o [1]
  .text              ro code   0x800'3428     0x32  ABImemset48.o [4]
  .text              ro code   0x800'345a      0x2  stm32f4xx_hal_tim.o [1]
  .text              ro code   0x800'345c      0x2  stm32f4xx_hal_tim.o [1]
  .text              ro code   0x800'345e      0x2  stm32f4xx_hal_tim.o [1]
  .text              ro code   0x800'3460      0x2  stm32f4xx_hal_tim.o [1]
  .text              ro code   0x800'3462      0x2  stm32f4xx_hal_tim_ex.o [1]
  .text              ro code   0x800'3464      0x2  stm32f4xx_hal_tim.o [1]
  .text              ro code   0x800'3466      0x2  stm32f4xx_hal_tim_ex.o [1]
  .text              ro code   0x800'3468      0x2  stm32f4xx_hal_tim.o [1]
  .text              ro code   0x800'346c     0x24  stm32f4xx_hal_dma.o [1]
  .text              ro code   0x800'3490      0x2  stm32f4xx_hal_uart.o [1]
  .text              ro code   0x800'3492      0x2  stm32f4xx_hal_uart.o [1]
  .text              ro code   0x800'3494    0x106  I64DivMod_small.o [4]
  .text              ro code   0x800'359a      0x2  stm32f4xx_hal_adc.o [1]
  .text              ro code   0x800'359c      0x2  stm32f4xx_hal_adc_ex.o [1]
  .text              ro code   0x800'359e      0x2  stm32f4xx_hal_adc.o [1]
  .text              ro code   0x800'35a0      0x2  stm32f4xx_hal_adc.o [1]
  .text              ro code   0x800'35a4     0x2e  DblCmpLe.o [3]
  .text              ro code   0x800'35d4    0x1d0  iar_Atan64.o [3]
  .text              ro code   0x800'37a4      0x2  I64DivZer.o [4]
  .text              ro code   0x800'37a8     0x20  DblCmpEq.o [3]
  .text              ro code   0x800'37c8     0x2e  DblCmpGe.o [3]
  .text              ro code   0x800'37f8     0x7a  stm32f4xx_it.o [1]
  .text              ro code   0x800'3874     0x10  stm32f4xx_hal.o [1]
  .rodata            const     0x800'3888     0x40  iar_Atan64.o [3]
  .text              ro code   0x800'38c8     0x38  packbits_init_single.o [4]
  .text              ro code   0x800'3900     0x2c  system_stm32f4xx.o [1]
  .text              ro code   0x800'392c     0x28  data_init.o [4]
  .text              ro code   0x800'3954     0x22  fpinit_M.o [3]
  .iar.init_table    const     0x800'3978     0x20  - Linker created -
  .text              ro code   0x800'3998     0x1e  cmain.o [4]
  .text              ro code   0x800'39b6      0x4  low_level_init.o [2]
  .text              ro code   0x800'39ba      0x4  exit.o [2]
  .text              ro code   0x800'39c0      0xa  cexit.o [4]
  .text              ro code   0x800'39cc     0x14  exit.o [5]
  .text              ro code   0x800'39e0     0x10  startup_stm32f429xx.o [1]
  .text              ro code   0x800'39f0      0xc  cstartup_M.o [4]
  .rodata            const     0x800'39fc      0x8  system_stm32f4xx.o [1]
  .text              ro code   0x800'3a04      0x4  startup_stm32f429xx.o [1]
  .text              ro code   0x800'3a08      0x4  startup_stm32f429xx.o [1]
  .text              ro code   0x800'3a0c      0x4  startup_stm32f429xx.o [1]
  .text              ro code   0x800'3a10      0x4  startup_stm32f429xx.o [1]
  .text              ro code   0x800'3a14      0x4  startup_stm32f429xx.o [1]
  .text              ro code   0x800'3a18      0x4  startup_stm32f429xx.o [1]
  .text              ro code   0x800'3a1c      0x4  startup_stm32f429xx.o [1]
  .text              ro code   0x800'3a20      0x4  startup_stm32f429xx.o [1]
  .text              ro code   0x800'3a24      0x4  startup_stm32f429xx.o [1]
  .text              ro code   0x800'3a28      0x4  startup_stm32f429xx.o [1]
  .text              ro code   0x800'3a2c      0x4  startup_stm32f429xx.o [1]
  .text              ro code   0x800'3a30      0x4  startup_stm32f429xx.o [1]
  .text              ro code   0x800'3a34      0x4  startup_stm32f429xx.o [1]
  .text              ro code   0x800'3a38      0x4  startup_stm32f429xx.o [1]
  .text              ro code   0x800'3a3c      0x4  startup_stm32f429xx.o [1]
  .text              ro code   0x800'3a40      0x4  startup_stm32f429xx.o [1]
  .text              ro code   0x800'3a44      0x4  startup_stm32f429xx.o [1]
  .text              ro code   0x800'3a48      0x4  startup_stm32f429xx.o [1]
  .text              ro code   0x800'3a4c      0x4  startup_stm32f429xx.o [1]
  .text              ro code   0x800'3a50      0x4  startup_stm32f429xx.o [1]
  .text              ro code   0x800'3a54      0x4  startup_stm32f429xx.o [1]
  .text              ro code   0x800'3a58      0x4  startup_stm32f429xx.o [1]
  .text              ro code   0x800'3a5c      0x4  startup_stm32f429xx.o [1]
  .text              ro code   0x800'3a60      0x4  startup_stm32f429xx.o [1]
  .text              ro code   0x800'3a64      0x4  startup_stm32f429xx.o [1]
  .text              ro code   0x800'3a68      0x4  startup_stm32f429xx.o [1]
  .text              ro code   0x800'3a6c      0x4  startup_stm32f429xx.o [1]
  .text              ro code   0x800'3a70      0x4  startup_stm32f429xx.o [1]
  .text              ro code   0x800'3a74      0x4  startup_stm32f429xx.o [1]
  .text              ro code   0x800'3a78      0x4  startup_stm32f429xx.o [1]
  .text              ro code   0x800'3a7c      0x4  startup_stm32f429xx.o [1]
  .text              ro code   0x800'3a80      0x4  startup_stm32f429xx.o [1]
  .text              ro code   0x800'3a84      0x4  startup_stm32f429xx.o [1]
  .text              ro code   0x800'3a88      0x4  startup_stm32f429xx.o [1]
  .text              ro code   0x800'3a8c      0x4  startup_stm32f429xx.o [1]
  .text              ro code   0x800'3a90      0x4  startup_stm32f429xx.o [1]
  .text              ro code   0x800'3a94      0x4  startup_stm32f429xx.o [1]
  .text              ro code   0x800'3a98      0x4  startup_stm32f429xx.o [1]
  .text              ro code   0x800'3a9c      0x4  startup_stm32f429xx.o [1]
  .text              ro code   0x800'3aa0      0x4  startup_stm32f429xx.o [1]
  .text              ro code   0x800'3aa4      0x4  startup_stm32f429xx.o [1]
  .text              ro code   0x800'3aa8      0x4  startup_stm32f429xx.o [1]
  .text              ro code   0x800'3aac      0x4  startup_stm32f429xx.o [1]
  .text              ro code   0x800'3ab0      0x4  startup_stm32f429xx.o [1]
  .text              ro code   0x800'3ab4      0x4  startup_stm32f429xx.o [1]
  .text              ro code   0x800'3ab8      0x4  startup_stm32f429xx.o [1]
  .text              ro code   0x800'3abc      0x4  startup_stm32f429xx.o [1]
  .text              ro code   0x800'3ac0      0x4  startup_stm32f429xx.o [1]
  .text              ro code   0x800'3ac4      0x4  startup_stm32f429xx.o [1]
  .text              ro code   0x800'3ac8      0x4  startup_stm32f429xx.o [1]
  .text              ro code   0x800'3acc      0x4  startup_stm32f429xx.o [1]
  .text              ro code   0x800'3ad0      0x4  startup_stm32f429xx.o [1]
  .text              ro code   0x800'3ad4      0x4  startup_stm32f429xx.o [1]
  .text              ro code   0x800'3ad8      0x4  startup_stm32f429xx.o [1]
  .text              ro code   0x800'3adc      0x4  startup_stm32f429xx.o [1]
  .text              ro code   0x800'3ae0      0x4  startup_stm32f429xx.o [1]
  .text              ro code   0x800'3ae4      0x4  startup_stm32f429xx.o [1]
  .text              ro code   0x800'3ae8      0x4  startup_stm32f429xx.o [1]
  .text              ro code   0x800'3aec      0x4  startup_stm32f429xx.o [1]
  .text              ro code   0x800'3af0      0x4  startup_stm32f429xx.o [1]
  .text              ro code   0x800'3af4      0x4  startup_stm32f429xx.o [1]
  .text              ro code   0x800'3af8      0x4  startup_stm32f429xx.o [1]
  .text              ro code   0x800'3afc      0x4  startup_stm32f429xx.o [1]
  .text              ro code   0x800'3b00      0x4  startup_stm32f429xx.o [1]
  .text              ro code   0x800'3b04      0x4  startup_stm32f429xx.o [1]
  .text              ro code   0x800'3b08      0x4  startup_stm32f429xx.o [1]
  .text              ro code   0x800'3b0c      0x4  startup_stm32f429xx.o [1]
  .text              ro code   0x800'3b10      0x4  startup_stm32f429xx.o [1]
  .text              ro code   0x800'3b14      0x4  startup_stm32f429xx.o [1]
  .text              ro code   0x800'3b18      0x4  startup_stm32f429xx.o [1]
  .text              ro code   0x800'3b1c      0x4  startup_stm32f429xx.o [1]
  .text              ro code   0x800'3b20      0x4  startup_stm32f429xx.o [1]
  .text              ro code   0x800'3b24      0x4  startup_stm32f429xx.o [1]
  .text              ro code   0x800'3b28      0x4  startup_stm32f429xx.o [1]
  .text              ro code   0x800'3b2c      0x4  startup_stm32f429xx.o [1]
  .text              ro code   0x800'3b30      0x4  startup_stm32f429xx.o [1]
  .text              ro code   0x800'3b34      0x4  startup_stm32f429xx.o [1]
  .text              ro code   0x800'3b38      0x4  startup_stm32f429xx.o [1]
  .text              ro code   0x800'3b3c      0x4  startup_stm32f429xx.o [1]
  .text              ro code   0x800'3b40      0x4  startup_stm32f429xx.o [1]
  .text              ro code   0x800'3b44      0x4  startup_stm32f429xx.o [1]
  .text              ro code   0x800'3b48      0x4  startup_stm32f429xx.o [1]
  .rodata            const     0x800'3b4c      0x0  zero_init3.o [4]
  .rodata            const     0x800'3b4c      0x0  packbits_init_single.o [4]
  Initializer bytes  const     0x800'3b4c     0x2a  <for P2-1>
                             - 0x800'3b76   0x39ca

"P2", part 1 of 3:                            0x94
  P2-1                        0x2000'0000     0x94  <Init block>
    .data            inited   0x2000'0000     0x60  main.o [1]
    .data            inited   0x2000'0060     0x10  main.o [1]
    .data            inited   0x2000'0070     0x14  main.o [1]
    .data            inited   0x2000'0084      0xc  stm32f4xx_hal.o [1]
    .data            inited   0x2000'0090      0x4  system_stm32f4xx.o [1]
                            - 0x2000'0094     0x94

"P2", part 2 of 3:                         0x24bb0
  .bss               zero     0x2000'0094  0x249f8  main.o [1]
  .bss               zero     0x2002'4a8c    0x14c  main.o [1]
  .bss               zero     0x2002'4bd8      0x4  main.o [1]
  .bss               zero     0x2002'4be0     0x64  main.o [1]
                            - 0x2002'4c44  0x24bb0

"P2", part 3 of 3:                           0x400
  CSTACK                      0x2002'4c48    0x400  <Block>
    CSTACK           uninit   0x2002'4c48    0x400  <Block tail>
                            - 0x2002'5048    0x400

Unused ranges:

         From           To       Size
         ----           --       ----
   0x800'3b76   0x81f'ffff  0x1f'c48a
  0x2002'4c44  0x2002'4c47        0x4
  0x2002'5048  0x2002'ffff     0xafb8


*******************************************************************************
*** INIT TABLE
***

          Address      Size
          -------      ----
Zero (__iar_zero_init3)
    1 destination range, total size 0x24bb0:
          0x2000'0094  0x24bb0

Copy/packbits (__iar_packbits_init_single3)
    1 source range, total size 0x2a (28% of destination):
           0x800'3b4c     0x2a
    1 destination range, total size 0x94:
          0x2000'0000     0x94



*******************************************************************************
*** MODULE SUMMARY
***

    Module                  ro code  ro data  rw data
    ------                  -------  -------  -------
command line/config:
    -------------------------------------------------
    Total:

C:\Users\User\Documents\Disc1_PWM_Servo (2)\Disc1_PWM_Servo\EWARM\Disc1_PWM_Servo\Obj: [1]
    main.o                    3 868       37  150 576
    startup_stm32f429xx.o       772
    stm32f4xx_hal.o             184        3       12
    stm32f4xx_hal_adc.o         990
    stm32f4xx_hal_adc_ex.o        2
    stm32f4xx_hal_cortex.o      196
    stm32f4xx_hal_dma.o          36
    stm32f4xx_hal_gpio.o        548
    stm32f4xx_hal_msp.o         628
    stm32f4xx_hal_rcc.o       1 232
    stm32f4xx_hal_tim.o       1 738
    stm32f4xx_hal_tim_ex.o      144
    stm32f4xx_hal_uart.o        976
    stm32f4xx_it.o              122
    system_stm32f4xx.o           44       10        4
    -------------------------------------------------
    Total:                   11 480       50  150 592

dl7M_tlf.a: [2]
    exit.o                        4
    low_level_init.o              4
    -------------------------------------------------
    Total:                        8

m7M_tls.a: [3]
    DblAdd.o                    378
    DblCmpEq.o                   32
    DblCmpGe.o                   46
    DblCmpLe.o                   46
    DblDiv.o                    582
    DblMul.o                    418
    DblSub.o                    226
    DblToS32.o                   58
    S32ToDbl.o                   34
    atan2_64.o                  316
    fpinit_M.o                   34
    iar_Atan64.o                464       64
    math_wrappers64.o            22
    sqrt.o                      258
    -------------------------------------------------
    Total:                    2 914       64

rt7M_tl.a: [4]
    ABImemclr4.o                  6
    ABImemcpy_small.o            24
    ABImemset48.o                50
    I64DivMod_small.o           262
    I64DivZer.o                   2
    cexit.o                      10
    cmain.o                      30
    cstartup_M.o                 12
    data_init.o                  40
    packbits_init_single.o       56
    strcmp.o                     18
    strcpy.o                     24
    strlen_small.o               20
    zero_init3.o                 58
    -------------------------------------------------
    Total:                      612

shb_l.a: [5]
    exit.o                       20
    -------------------------------------------------
    Total:                       20

    Gaps                         36        6        4
    Linker created                        32    1 024
-----------------------------------------------------
    Grand Total:             15 070      152  151 620


*******************************************************************************
*** ENTRY LIST
***

Entry                       Address     Size  Type      Object
-----                       -------     ----  ----      ------
.iar.init_table$$Base    0x800'3978            --   Gb  - Linker created -
.iar.init_table$$Limit   0x800'3998            --   Gb  - Linker created -
?main                    0x800'3999           Code  Gb  cmain.o [4]
ADC_IRQHandler           0x800'380d      0x6  Code  Gb  stm32f4xx_it.o [1]
ADC_Init                 0x800'2be5     0xf8  Code  Lc  stm32f4xx_hal_adc.o [1]
AHBPrescTable            0x800'391c     0x10  Data  Gb  system_stm32f4xx.o [1]
APBPrescTable            0x800'39fc      0x8  Data  Gb  system_stm32f4xx.o [1]
B1_PR                   0x2000'0011      0x1  Data  Gb  main.o [1]
BusFault_Handler         0x800'37ff      0x2  Code  Gb  stm32f4xx_it.o [1]
CSTACK$$Base            0x2002'4c48            --   Gb  - Linker created -
CSTACK$$Limit           0x2002'5048            --   Gb  - Linker created -
Check                    0x800'04e5     0x42  Code  Gb  main.o [1]
DebugMon_Handler         0x800'3805      0x2  Code  Gb  stm32f4xx_it.o [1]
EXTI15_10_IRQHandler     0x800'385d     0x16  Code  Gb  stm32f4xx_it.o [1]
EXTI9_5_IRQHandler       0x800'3813     0x14  Code  Gb  stm32f4xx_it.o [1]
HAL_ADCEx_InjectedConvCpltCallback
                         0x800'359d      0x2  Code  Wk  stm32f4xx_hal_adc_ex.o [1]
HAL_ADC_ConfigChannel    0x800'2a9d    0x122  Code  Gb  stm32f4xx_hal_adc.o [1]
HAL_ADC_IRQHandler       0x800'2971    0x120  Code  Gb  stm32f4xx_hal_adc.o [1]
HAL_ADC_Init             0x800'2921     0x50  Code  Gb  stm32f4xx_hal_adc.o [1]
HAL_ADC_MspInit          0x800'2315     0x56  Code  Gb  stm32f4xx_hal_msp.o [1]
HAL_DMA_Abort_IT         0x800'346d     0x24  Code  Gb  stm32f4xx_hal_dma.o [1]
HAL_Delay                0x800'1abd     0x28  Code  Wk  stm32f4xx_hal.o [1]
HAL_GPIO_EXTI_Callback   0x800'0f2d     0x82  Code  Gb  main.o [1]
HAL_GPIO_EXTI_IRQHandler
                         0x800'1a73     0x10  Code  Gb  stm32f4xx_hal_gpio.o [1]
HAL_GPIO_Init            0x800'1899    0x1c6  Code  Gb  stm32f4xx_hal_gpio.o [1]
HAL_GPIO_ReadPin         0x800'1a5f      0xc  Code  Gb  stm32f4xx_hal_gpio.o [1]
HAL_GPIO_WritePin        0x800'1a6b      0x8  Code  Gb  stm32f4xx_hal_gpio.o [1]
HAL_GetTick              0x800'33dd      0xc  Code  Wk  stm32f4xx_hal.o [1]
HAL_IncTick              0x800'3875     0x10  Code  Wk  stm32f4xx_hal.o [1]
HAL_Init                 0x800'1b59     0x30  Code  Gb  stm32f4xx_hal.o [1]
HAL_InitTick             0x800'33e9     0x40  Code  Wk  stm32f4xx_hal.o [1]
HAL_MspInit              0x800'22e1     0x34  Code  Gb  stm32f4xx_hal_msp.o [1]
HAL_NVIC_EnableIRQ       0x800'2d67     0x16  Code  Gb  stm32f4xx_hal_cortex.o [1]
HAL_NVIC_SetPriority     0x800'2d2d     0x3a  Code  Gb  stm32f4xx_hal_cortex.o [1]
HAL_NVIC_SetPriorityGrouping
                         0x800'2d13     0x1a  Code  Gb  stm32f4xx_hal_cortex.o [1]
HAL_RCC_ClockConfig      0x800'30e1    0x100  Code  Gb  stm32f4xx_hal_rcc.o [1]
HAL_RCC_GetPCLK1Freq     0x800'31ed     0x10  Code  Gb  stm32f4xx_hal_rcc.o [1]
HAL_RCC_GetPCLK2Freq     0x800'31fd      0xe  Code  Gb  stm32f4xx_hal_rcc.o [1]
HAL_RCC_OscConfig        0x800'2dbd    0x324  Code  Wk  stm32f4xx_hal_rcc.o [1]
HAL_SYSTICK_Config       0x800'2d7d     0x28  Code  Gb  stm32f4xx_hal_cortex.o [1]
HAL_TIMEx_BreakCallback
                         0x800'3463      0x2  Code  Wk  stm32f4xx_hal_tim_ex.o [1]
HAL_TIMEx_CommutCallback
                         0x800'3467      0x2  Code  Wk  stm32f4xx_hal_tim_ex.o [1]
HAL_TIMEx_MasterConfigSynchronization
                         0x800'2255     0x6e  Code  Gb  stm32f4xx_hal_tim_ex.o [1]
HAL_TIM_Base_Init        0x800'1b95     0x1a  Code  Gb  stm32f4xx_hal_tim.o [1]
HAL_TIM_Base_MspInit     0x800'236b     0x8c  Code  Gb  stm32f4xx_hal_msp.o [1]
HAL_TIM_Base_Start_IT    0x800'1baf     0x20  Code  Gb  stm32f4xx_hal_tim.o [1]
HAL_TIM_ConfigClockSource
                         0x800'1ef5     0x90  Code  Gb  stm32f4xx_hal_tim.o [1]
HAL_TIM_IRQHandler       0x800'1c75    0x142  Code  Gb  stm32f4xx_hal_tim.o [1]
HAL_TIM_MspPostInit      0x800'23f7     0x38  Code  Gb  stm32f4xx_hal_msp.o [1]
HAL_TIM_OC_ConfigChannel
                         0x800'1dbd     0x48  Code  Gb  stm32f4xx_hal_tim.o [1]
HAL_TIM_OC_Init          0x800'1bcf     0x18  Code  Gb  stm32f4xx_hal_tim.o [1]
HAL_TIM_PWM_ConfigChannel
                         0x800'1e05     0xbc  Code  Gb  stm32f4xx_hal_tim.o [1]
HAL_TIM_PWM_Init         0x800'1c1b     0x1a  Code  Gb  stm32f4xx_hal_tim.o [1]
HAL_TIM_PWM_Start        0x800'1c35     0x14  Code  Gb  stm32f4xx_hal_tim.o [1]
HAL_TIM_PeriodElapsedCallback
                         0x800'0fb5      0xe  Code  Gb  main.o [1]
HAL_UART_IRQHandler      0x800'262d    0x152  Code  Gb  stm32f4xx_hal_uart.o [1]
HAL_UART_Init            0x800'2555     0x1e  Code  Gb  stm32f4xx_hal_uart.o [1]
HAL_UART_MspInit         0x800'244f     0xc8  Code  Gb  stm32f4xx_hal_msp.o [1]
HAL_UART_Receive_IT      0x800'25cb     0x56  Code  Gb  stm32f4xx_hal_uart.o [1]
HAL_UART_RxCpltCallback
                         0x800'0fc5     0x78  Code  Gb  main.o [1]
HardFault_Handler        0x800'37fb      0x2  Code  Gb  stm32f4xx_it.o [1]
MX_GPIO_Init             0x800'0d29    0x1be  Code  Lc  main.o [1]
MemManage_Handler        0x800'37fd      0x2  Code  Gb  stm32f4xx_it.o [1]
NMI_Handler              0x800'37f9      0x2  Code  Gb  stm32f4xx_it.o [1]
PendSV_Handler           0x800'3807      0x2  Code  Gb  stm32f4xx_it.o [1]
Ready_To_Rx             0x2000'0010      0x1  Data  Gb  main.o [1]
ReceiveData              0x800'0529    0x1d2  Code  Gb  main.o [1]
Region$$Table$$Base      0x800'3978            --   Gb  - Linker created -
Region$$Table$$Limit     0x800'3998            --   Gb  - Linker created -
Rx_Buffer               0x2002'4bf0     0x14  Data  Gb  main.o [1]
Rx_Buffer_4             0x2000'0070     0x14  Data  Gb  main.o [1]
SVC_Handler              0x800'3803      0x2  Code  Gb  stm32f4xx_it.o [1]
SysTick_Handler          0x800'3809      0x4  Code  Gb  stm32f4xx_it.o [1]
SystemClock_Config       0x800'0c5b     0x98  Code  Gb  main.o [1]
SystemCoreClock         0x2000'0090      0x4  Data  Gb  system_stm32f4xx.o [1]
SystemInit               0x800'3901     0x14  Code  Gb  system_stm32f4xx.o [1]
TIM2_IRQHandler          0x800'3827      0x6  Code  Gb  stm32f4xx_it.o [1]
TIM3_IRQHandler          0x800'382d      0x6  Code  Gb  stm32f4xx_it.o [1]
TIM4_IRQHandler          0x800'3833      0x6  Code  Gb  stm32f4xx_it.o [1]
TIM_Base_SetConfig       0x800'1faf     0x96  Code  Gb  stm32f4xx_hal_tim.o [1]
TIM_CCxChannelCmd        0x800'2237     0x16  Code  Gb  stm32f4xx_hal_tim.o [1]
TIM_ETR_SetConfig        0x800'2223     0x14  Code  Gb  stm32f4xx_hal_tim.o [1]
TIM_ITRx_SetConfig       0x800'2213     0x10  Code  Lc  stm32f4xx_hal_tim.o [1]
TIM_OC1_SetConfig        0x800'2045     0x58  Code  Lc  stm32f4xx_hal_tim.o [1]
TIM_OC2_SetConfig        0x800'209d     0x60  Code  Gb  stm32f4xx_hal_tim.o [1]
TIM_OC3_SetConfig        0x800'20fd     0x5e  Code  Lc  stm32f4xx_hal_tim.o [1]
TIM_OC4_SetConfig        0x800'215b     0x46  Code  Lc  stm32f4xx_hal_tim.o [1]
TIM_TI1_ConfigInputStage
                         0x800'21d1     0x1e  Code  Lc  stm32f4xx_hal_tim.o [1]
TIM_TI2_ConfigInputStage
                         0x800'21ef     0x24  Code  Lc  stm32f4xx_hal_tim.o [1]
UART_DMAAbortOnError     0x800'279d      0xc  Code  Lc  stm32f4xx_hal_uart.o [1]
UART_EndRxTransfer       0x800'277f     0x1c  Code  Lc  stm32f4xx_hal_uart.o [1]
UART_Receive_IT          0x800'27a9     0x92  Code  Lc  stm32f4xx_hal_uart.o [1]
UART_SetConfig           0x800'283b     0xca  Code  Lc  stm32f4xx_hal_uart.o [1]
USART1_IRQHandler        0x800'3839      0x6  Code  Gb  stm32f4xx_it.o [1]
USART2_IRQHandler        0x800'383f      0x6  Code  Gb  stm32f4xx_it.o [1]
UsageFault_Handler       0x800'3801      0x2  Code  Gb  stm32f4xx_it.o [1]
__NVIC_SetPriority       0x800'2cf9     0x1a  Code  Lc  stm32f4xx_hal_cortex.o [1]
__aeabi_cdcmpeq          0x800'37a9           Code  Gb  DblCmpEq.o [3]
__aeabi_cdcmple          0x800'35a5           Code  Gb  DblCmpLe.o [3]
__aeabi_cdrcmple         0x800'37c9           Code  Gb  DblCmpGe.o [3]
__aeabi_d2iz             0x800'1af9           Code  Gb  DblToS32.o [3]
__aeabi_dadd             0x800'10c9           Code  Gb  DblAdd.o [3]
__aeabi_ddiv             0x800'127d           Code  Gb  DblDiv.o [3]
__aeabi_dmul             0x800'16c5           Code  Gb  DblMul.o [3]
__aeabi_dsub             0x800'14c5           Code  Gb  DblSub.o [3]
__aeabi_i2d              0x800'1b35           Code  Gb  S32ToDbl.o [3]
__aeabi_ldiv0            0x800'37a5           Code  Gb  I64DivZer.o [4]
__aeabi_memclr4          0x800'1b8d           Code  Gb  ABImemclr4.o [4]
__cmain                  0x800'3999           Code  Gb  cmain.o [4]
__exit                   0x800'39cd     0x14  Code  Gb  exit.o [5]
__iar_Atan64             0x800'35d5    0x1d0  Code  Gb  iar_Atan64.o [3]
__iar_Memset4_word       0x800'3429           Code  Gb  ABImemset48.o [4]
__iar_Memset8_word       0x800'3429           Code  Gb  ABImemset48.o [4]
__iar_atan2_64           0x800'32a1    0x13c  Code  Gb  atan2_64.o [3]
__iar_dadd               0x800'14d5           Code  Gb  DblSub.o [3]
__iar_data_init3         0x800'392d     0x28  Code  Gb  data_init.o [4]
__iar_dsub               0x800'10d9           Code  Gb  DblAdd.o [3]
__iar_dsubStart          0x800'10eb           Code  Gb  DblAdd.o [3]
__iar_init_vfp           0x800'3955           Code  Gb  fpinit_M.o [3]
__iar_packbits_init_single3
                         0x800'38c9     0x38  Code  Gb  packbits_init_single.o [4]
__iar_program_start      0x800'39f1           Code  Gb  cstartup_M.o [4]
__iar_small_Memcpy       0x800'1885           Code  Gb  ABImemcpy_small.o [4]
__iar_small_memcpy       0x800'1881           Code  Gb  ABImemcpy_small.o [4]
__iar_small_memcpy4      0x800'1881           Code  Gb  ABImemcpy_small.o [4]
__iar_small_memcpy8      0x800'1881           Code  Gb  ABImemcpy_small.o [4]
__iar_small_strlen       0x800'1ae5           Code  Gb  strlen_small.o [4]
__iar_small_uldivmod     0x800'3495           Code  Gb  I64DivMod_small.o [4]
__iar_sqrt64             0x800'15b9           Code  Gb  sqrt.o [3]
__iar_vfp___iar_sqrt64   0x800'15a9           Code  Gb  sqrt.o [3]
__iar_vfp_atan2          0x800'16b3     0x10  Code  Gb  math_wrappers64.o [3]
__iar_vfp_sqrt           0x800'15a9           Code  Gb  sqrt.o [3]
__iar_vfp_sqrtl          0x800'15a9           Code  Gb  sqrt.o [3]
__iar_zero_init3         0x800'1243     0x3a  Code  Gb  zero_init3.o [4]
__low_level_init         0x800'39b7      0x4  Code  Gb  low_level_init.o [2]
__vector_table           0x800'0000           Data  Gb  startup_stm32f429xx.o [1]
_call_main               0x800'39a5           Code  Gb  cmain.o [4]
_exit                    0x800'39c1           Code  Gb  cexit.o [4]
_main                    0x800'39b3           Code  Gb  cmain.o [4]
a                        0x800'3888     0x40  Data  Lc  iar_Atan64.o [3]
atan2                    0x800'32a1    0x13c  Code  Gb  atan2_64.o [3]
atan2l                   0x800'32a1    0x13c  Code  Gb  atan2_64.o [3]
convert                  0x800'0375     0x70  Code  Gb  main.o [1]
delete_front             0x800'0325     0x2e  Code  Gb  main.o [1]
exit                     0x800'39bb      0x4  Code  Gb  exit.o [2]
flag2                   0x2000'0014      0x1  Data  Gb  main.o [1]
flag_sig                0x2000'0013      0x1  Data  Gb  main.o [1]
goal                    0x2002'4be0     0x10  Data  Lc  main.o [1]
hadc1                   0x2002'4a8c     0x48  Data  Gb  main.o [1]
htim2                   0x2002'4b14     0x40  Data  Gb  main.o [1]
htim3                   0x2002'4b54     0x40  Data  Gb  main.o [1]
htim4                   0x2002'4b94     0x40  Data  Gb  main.o [1]
huart1                  0x2002'4ad4     0x40  Data  Gb  main.o [1]
huart2                  0x2002'4c04     0x40  Data  Gb  main.o [1]
i                       0x2000'0044      0x4  Data  Gb  main.o [1]
index                   0x2000'0050      0x4  Data  Gb  main.o [1]
insert                   0x800'02fb     0x28  Code  Gb  main.o [1]
inter_count             0x2000'004c      0x4  Data  Gb  main.o [1]
is_empty                 0x800'02e5     0x16  Code  Gb  main.o [1]
is_full                  0x800'02bd     0x28  Code  Gb  main.o [1]
k                       0x2000'0040      0x4  Data  Gb  main.o [1]
len                     0x2000'003c      0x4  Data  Gb  main.o [1]
leng                    0x2000'0038      0x4  Data  Gb  main.o [1]
main                     0x800'088d    0x358  Code  Gb  main.o [1]
mode                    0x2002'4bd4      0x4  Data  Gb  main.o [1]
move_str                0x2000'0018     0x20  Data  Gb  main.o [1]
position                0x2000'0000     0x10  Data  Gb  main.o [1]
queue                   0x2000'0094  0x249f8  Data  Gb  main.o [1]
rtr                     0x2000'0060     0x10  Data  Gb  main.o [1]
sqrt                     0x800'15b9           Code  Gb  sqrt.o [3]
sqrtl                    0x800'15b9           Code  Gb  sqrt.o [3]
step                    0x2000'0012      0x1  Data  Gb  main.o [1]
step_count              0x2002'4bd8      0x4  Data  Gb  main.o [1]
step_motor               0x800'0421     0xa6  Code  Gb  main.o [1]
strcmp                   0x800'328d           Code  Gb  strcmp.o [4]
strcpy                   0x800'1869           Code  Gb  strcpy.o [4]
t                       0x2000'0054      0x4  Data  Gb  main.o [1]
uwTick                  0x2000'0088      0x4  Data  Gb  stm32f4xx_hal.o [1]
uwTickFreq              0x2000'0084      0x1  Data  Gb  stm32f4xx_hal.o [1]
uwTickPrio              0x2000'008c      0x4  Data  Gb  stm32f4xx_hal.o [1]
x_t                     0x2000'0058      0x4  Data  Gb  main.o [1]
xy_ang                   0x800'01ad     0xe2  Code  Gb  main.o [1]
y_t                     0x2000'005c      0x4  Data  Gb  main.o [1]
z                       0x2000'0048      0x4  Data  Gb  main.o [1]


[1] = C:\Users\User\Documents\Disc1_PWM_Servo (2)\Disc1_PWM_Servo\EWARM\Disc1_PWM_Servo\Obj
[2] = dl7M_tlf.a
[3] = m7M_tls.a
[4] = rt7M_tl.a
[5] = shb_l.a

   15 070 bytes of readonly  code memory
      152 bytes of readonly  data memory
  151 620 bytes of readwrite data memory

Errors: none
Warnings: none
